Load map
========

Module:  forest_fire.obj
 Text segment:  216 bytes, load point 0x00400000
 Data segment:  32 bytes, load point 0x10000000
 Symbols:
                Name Section Mode    Value
     main_loop_start   Text   R   0x00400074
       input_success   Text   R   0x00400044
            READ_INT          A   0x00000005
        input_failed   Text   R   0x00400030
           main_loop   Text   R   0x00400090
             newline   Data   R   0x1000001c
        PRINT_STRING          A   0x00000004
                main   Text   RG  0x00400000
  input_success_text   Data   R   0x1000000e
           main_done   Text   R   0x004000b0
   input_failed_text   Data   R   0x10000000
           PRINT_INT          A   0x00000001

Module:  input.obj
 Text segment:  200 bytes, load point 0x004000d8
 Data segment:  16 bytes, load point 0x10000020
 Symbols:
                Name Section Mode    Value
               input   Text   RG  0x004000d8
     read_input_loop   Text   R   0x004000f4
            READ_INT          A   0x00000005
        PRINT_STRING          A   0x00000004
     read_input_pass   Text   R   0x0040018c
          input_data   Data   R   0x10000020
     read_input_done   Text   R   0x00400124
     read_input_text   Text   R   0x00400110
     read_input_fail   Text   R   0x00400198
         READ_STRING          A   0x0000000c
           PRINT_INT          A   0x00000001

Module:  output.obj
 Text segment:  524 bytes, load point 0x004001a0
 Data segment:  80 bytes, load point 0x10000030
 Symbols:
                Name Section Mode    Value
       print_burning   Text   R   0x0040036c
         print_error   Text   R   0x00400348
          print_grid   Text   RG  0x004001c8
         banner_text   Data   R   0x10000030
           edge_loop   Text   R   0x004002dc
          print_tree   Text   R   0x00400360
          minus_text   Data   R   0x10000075
            bar_text   Data   R   0x10000071
    gen_banner2_text   Data   R   0x10000068
    print_blank_line   Text   R   0x00400388
           tree_text   Data   R   0x1000007b
         print_grass   Text   R   0x00400354
   print_value_final   Text   R   0x00400374
         finish_edge   Text   R   0x004002f8
         y_loop_next   Text   R   0x00400264
        PRINT_STRING          A   0x00000004
         print_value   Text   R   0x00400320
              x_loop   Text   R   0x0040024c
        print_banner   Text   RG  0x004001a0
    print_board_edge   Text   R   0x004002b8
           plus_text   Data   R   0x10000073
        burning_text   Data   R   0x1000007d
              finish   Text   R   0x00400288
          error_text   Data   R   0x10000077
          grass_text   Data   R   0x10000079
    gen_banner1_text   Data   R   0x10000061
           PRINT_INT          A   0x00000001
              y_loop   Text   R   0x00400230
     blank_line_text   Data   R   0x1000006f

Module:  grid.obj
 Text segment:  172 bytes, load point 0x004003ac
 Data segment:  8192 bytes, load point 0x10000080
 Symbols:
                Name Section Mode    Value
         inner_cycle   Text   R   0x00400430
           grid_data   Data   R   0x10000080
            grid_get   Text   RG  0x004003b8
        finish_cycle   Text   R   0x0040044c
         outer_cycle   Text   R   0x00400424
          grid_cycle   Text   RG  0x00400400
       grid_data_old   Data   R   0x10001080
         grid_create   Text   RG  0x004003ac
            grid_set   Text   RG  0x004003dc

Module:  rules.obj
 Text segment:  216 bytes, load point 0x00400458
 Symbols:
                Name Section Mode    Value
        get_old_grid   Text   R   0x00400484
            get_grid   Text   R   0x00400474
         setup_rules   Text   RG  0x00400460
              rule_1   Text   RG  0x00400494
              rule_2   Text   RG  0x004004c8
              rule_3   Text   RG  0x004004fc
       grid_location   Text   R   0x00400458

Module:  r2k_startup.obj
 Text segment:  36 bytes, load point 0x00400530
 Symbols:
                Name Section Mode    Value
           SYS_EXIT2          A   0x00000011
      __r2k__entry__   Text   RG  0x00400534
