Load map
========

Module:  forest_fire.obj
 Text segment:  244 bytes, load point 0x00400000
 Data segment:  32 bytes, load point 0x10000000
 Symbols:
                Name Section Mode    Value
     main_loop_start   Text   R   0x00400090
       input_success   Text   R   0x00400060
            READ_INT          A   0x00000005
        input_failed   Text   R   0x00400030
           main_loop   Text   R   0x004000ac
             newline   Data   R   0x1000001c
        PRINT_STRING          A   0x00000004
                main   Text   RG  0x00400000
  input_success_text   Data   R   0x1000000e
           main_done   Text   R   0x004000cc
   input_failed_text   Data   R   0x10000000
           PRINT_INT          A   0x00000001

Module:  input.obj
 Text segment:  500 bytes, load point 0x004000f4
 Data segment:  80 bytes, load point 0x10000020
 Symbols:
                Name Section Mode    Value
     input_direction   Data   R   0x1000004c
     read_grid_start   Text   R   0x004001f8
   read_input_finish   Text   R   0x00400280
               input   Text   RG  0x004000f4
     read_input_loop   Text   R   0x00400138
            READ_INT          A   0x00000005
          verify_end   Text   R   0x00400268
     input_grid_data   Data   R   0x1000002c
    grid_text_to_int   Text   R   0x004002ac
    read_grid_finish   Text   R   0x00400280
        PRINT_STRING          A   0x00000004
         verify_fail   Text   R   0x00400274
     read_input_pass   Text   R   0x004001ec
          input_data   Data   R   0x10000020
     read_input_done   Text   R   0x00400174
     read_input_text   Text   R   0x00400154
       grid_text_end   Text   R   0x004002dc
     read_input_fail   Text   R   0x004001f0
           READ_CHAR          A   0x0000000c
         READ_STRING          A   0x00000008
           PRINT_INT          A   0x00000001
         verify_loop   Text   R   0x0040023c
      read_grid_loop   Text   R   0x00400208

Module:  output.obj
 Text segment:  524 bytes, load point 0x004002e8
 Data segment:  80 bytes, load point 0x10000070
 Symbols:
                Name Section Mode    Value
       print_burning   Text   R   0x004004b4
         print_error   Text   R   0x00400490
          print_grid   Text   RG  0x00400310
         banner_text   Data   R   0x10000070
           edge_loop   Text   R   0x00400424
          print_tree   Text   R   0x004004a8
          minus_text   Data   R   0x100000b5
            bar_text   Data   R   0x100000b1
    gen_banner2_text   Data   R   0x100000a8
    print_blank_line   Text   R   0x004004d0
           tree_text   Data   R   0x100000bb
         print_grass   Text   R   0x0040049c
   print_value_final   Text   R   0x004004bc
         finish_edge   Text   R   0x00400440
         y_loop_next   Text   R   0x004003ac
        PRINT_STRING          A   0x00000004
         print_value   Text   R   0x00400468
              x_loop   Text   R   0x00400394
        print_banner   Text   RG  0x004002e8
    print_board_edge   Text   R   0x00400400
           plus_text   Data   R   0x100000b3
        burning_text   Data   R   0x100000bd
              finish   Text   R   0x004003d0
          error_text   Data   R   0x100000b7
          grass_text   Data   R   0x100000b9
    gen_banner1_text   Data   R   0x100000a1
           PRINT_INT          A   0x00000001
              y_loop   Text   R   0x00400378
     blank_line_text   Data   R   0x100000af

Module:  grid.obj
 Text segment:  172 bytes, load point 0x004004f4
 Data segment:  8192 bytes, load point 0x100000c0
 Symbols:
                Name Section Mode    Value
         inner_cycle   Text   R   0x00400578
           grid_data   Data   R   0x100000c0
            grid_get   Text   RG  0x00400500
        finish_cycle   Text   R   0x00400594
         outer_cycle   Text   R   0x0040056c
          grid_cycle   Text   RG  0x00400548
       grid_data_old   Data   R   0x100010c0
         grid_create   Text   RG  0x004004f4
            grid_set   Text   RG  0x00400524

Module:  rules.obj
 Text segment:  216 bytes, load point 0x004005a0
 Symbols:
                Name Section Mode    Value
        get_old_grid   Text   R   0x004005cc
            get_grid   Text   R   0x004005bc
         setup_rules   Text   RG  0x004005a8
              rule_1   Text   RG  0x004005dc
              rule_2   Text   RG  0x00400610
              rule_3   Text   RG  0x00400644
       grid_location   Text   R   0x004005a0

Module:  r2k_startup.obj
 Text segment:  36 bytes, load point 0x00400678
 Symbols:
                Name Section Mode    Value
           SYS_EXIT2          A   0x00000011
      __r2k__entry__   Text   RG  0x0040067c
